=== 第 1 頁 ===
wON
NATUREOFT
ROVIDERORY
PREGNANCY
LNESS (First Sy
AAO94S0
From
30E2
FORM BEFORE
wana
DATE(S)OFSEH
snaw
W
YY
8
2
任務報告
當這場神秘謀殺案結束時，請寫下你的調查結果。透過你們答案，我們會評出最佳演員
和最佳偵探。你會被邀請向大家揭露你扮演角色的秘密。最後，我們將解開這場謀殺的
秘密。
誰殺害了漢斯·裡莫瑞特?
兇手的動機是什麼?
2a.TOTA
VEDBYNATIONALUNIFO!
他們隱藏了什麼秘密?
OUPNUE
德雷克裡莫瑞特
蓋爾裡莫瑞特
首席護士科斯塔
MC
帕洛斯基醫生
實習生卡特
管理員伯克利
神父湯姆
託尼拜爾傑利
弗蘭克拜爾傑利
^TE
0.PA.
SEAES SE
8.PATIENT STATUS
Sea
Single
iorotherinfcmationne
4
who accepts assigent
今晚哪位玩家表演最為逼真？
Full-Tie
Student
Student
Pan-Tin
16.DATESPA
2
URED'S ADDRES
S.1
0（ds
ZIPCODE
HSHOMO
FROM
11.INSU
a.N
部
2